Archive member included because of file (symbol)

c:/program files (x86)/atmel/atmel toolchain/avr8 gcc/native/3.4.1061/avr8-gnu-toolchain/bin/../lib/gcc/avr/4.8.1/avr5\libgcc.a(_exit.o)
                              c:/program files (x86)/atmel/atmel toolchain/avr8 gcc/native/3.4.1061/avr8-gnu-toolchain/bin/../lib/gcc/avr/4.8.1/../../../../avr/lib/avr5/crtm16a.o (exit)
c:/program files (x86)/atmel/atmel toolchain/avr8 gcc/native/3.4.1061/avr8-gnu-toolchain/bin/../lib/gcc/avr/4.8.1/avr5\libgcc.a(_tablejump.o)
                              SPI.o (__tablejump2__)
c:/program files (x86)/atmel/atmel toolchain/avr8 gcc/native/3.4.1061/avr8-gnu-toolchain/bin/../lib/gcc/avr/4.8.1/avr5\libgcc.a(_copy_data.o)
                              Styrenhet.o (__do_copy_data)

Discarded input sections

 .data          0x00000000        0x0 c:/program files (x86)/atmel/atmel toolchain/avr8 gcc/native/3.4.1061/avr8-gnu-toolchain/bin/../lib/gcc/avr/4.8.1/../../../../avr/lib/avr5/crtm16a.o
 .bss           0x00000000        0x0 c:/program files (x86)/atmel/atmel toolchain/avr8 gcc/native/3.4.1061/avr8-gnu-toolchain/bin/../lib/gcc/avr/4.8.1/../../../../avr/lib/avr5/crtm16a.o
 .text          0x00000000        0x0 pwm.o
 .data          0x00000000        0x0 pwm.o
 .bss           0x00000000        0x0 pwm.o
 .text.setLeftSpeed
                0x00000000        0x4 pwm.o
 .text.setRightSpeed
                0x00000000        0x4 pwm.o
 .text          0x00000000        0x0 SPI.o
 .data          0x00000000        0x0 SPI.o
 .bss           0x00000000        0x0 SPI.o
 .text.SPI_Send
                0x00000000        0x8 SPI.o
 .text          0x00000000        0x0 Styrenhet.o
 .data          0x00000000        0x0 Styrenhet.o
 .bss           0x00000000        0x0 Styrenhet.o
 .text.softTurn
                0x00000000        0xa Styrenhet.o
 .text.softTurnReverse
                0x00000000        0xa Styrenhet.o
 .text          0x00000000        0x0 c:/program files (x86)/atmel/atmel toolchain/avr8 gcc/native/3.4.1061/avr8-gnu-toolchain/bin/../lib/gcc/avr/4.8.1/avr5\libgcc.a(_exit.o)
 .data          0x00000000        0x0 c:/program files (x86)/atmel/atmel toolchain/avr8 gcc/native/3.4.1061/avr8-gnu-toolchain/bin/../lib/gcc/avr/4.8.1/avr5\libgcc.a(_exit.o)
 .bss           0x00000000        0x0 c:/program files (x86)/atmel/atmel toolchain/avr8 gcc/native/3.4.1061/avr8-gnu-toolchain/bin/../lib/gcc/avr/4.8.1/avr5\libgcc.a(_exit.o)
 .text.libgcc.mul
                0x00000000        0x0 c:/program files (x86)/atmel/atmel toolchain/avr8 gcc/native/3.4.1061/avr8-gnu-toolchain/bin/../lib/gcc/avr/4.8.1/avr5\libgcc.a(_exit.o)
 .text.libgcc.div
                0x00000000        0x0 c:/program files (x86)/atmel/atmel toolchain/avr8 gcc/native/3.4.1061/avr8-gnu-toolchain/bin/../lib/gcc/avr/4.8.1/avr5\libgcc.a(_exit.o)
 .text.libgcc   0x00000000        0x0 c:/program files (x86)/atmel/atmel toolchain/avr8 gcc/native/3.4.1061/avr8-gnu-toolchain/bin/../lib/gcc/avr/4.8.1/avr5\libgcc.a(_exit.o)
 .text.libgcc.prologue
                0x00000000        0x0 c:/program files (x86)/atmel/atmel toolchain/avr8 gcc/native/3.4.1061/avr8-gnu-toolchain/bin/../lib/gcc/avr/4.8.1/avr5\libgcc.a(_exit.o)
 .text.libgcc.builtins
                0x00000000        0x0 c:/program files (x86)/atmel/atmel toolchain/avr8 gcc/native/3.4.1061/avr8-gnu-toolchain/bin/../lib/gcc/avr/4.8.1/avr5\libgcc.a(_exit.o)
 .text.libgcc.fmul
                0x00000000        0x0 c:/program files (x86)/atmel/atmel toolchain/avr8 gcc/native/3.4.1061/avr8-gnu-toolchain/bin/../lib/gcc/avr/4.8.1/avr5\libgcc.a(_exit.o)
 .text.libgcc.fixed
                0x00000000        0x0 c:/program files (x86)/atmel/atmel toolchain/avr8 gcc/native/3.4.1061/avr8-gnu-toolchain/bin/../lib/gcc/avr/4.8.1/avr5\libgcc.a(_exit.o)
 .text          0x00000000        0x0 c:/program files (x86)/atmel/atmel toolchain/avr8 gcc/native/3.4.1061/avr8-gnu-toolchain/bin/../lib/gcc/avr/4.8.1/avr5\libgcc.a(_tablejump.o)
 .data          0x00000000        0x0 c:/program files (x86)/atmel/atmel toolchain/avr8 gcc/native/3.4.1061/avr8-gnu-toolchain/bin/../lib/gcc/avr/4.8.1/avr5\libgcc.a(_tablejump.o)
 .bss           0x00000000        0x0 c:/program files (x86)/atmel/atmel toolchain/avr8 gcc/native/3.4.1061/avr8-gnu-toolchain/bin/../lib/gcc/avr/4.8.1/avr5\libgcc.a(_tablejump.o)
 .text.libgcc.mul
                0x00000000        0x0 c:/program files (x86)/atmel/atmel toolchain/avr8 gcc/native/3.4.1061/avr8-gnu-toolchain/bin/../lib/gcc/avr/4.8.1/avr5\libgcc.a(_tablejump.o)
 .text.libgcc.div
                0x00000000        0x0 c:/program files (x86)/atmel/atmel toolchain/avr8 gcc/native/3.4.1061/avr8-gnu-toolchain/bin/../lib/gcc/avr/4.8.1/avr5\libgcc.a(_tablejump.o)
 .text.libgcc.prologue
                0x00000000        0x0 c:/program files (x86)/atmel/atmel toolchain/avr8 gcc/native/3.4.1061/avr8-gnu-toolchain/bin/../lib/gcc/avr/4.8.1/avr5\libgcc.a(_tablejump.o)
 .text.libgcc.builtins
                0x00000000        0x0 c:/program files (x86)/atmel/atmel toolchain/avr8 gcc/native/3.4.1061/avr8-gnu-toolchain/bin/../lib/gcc/avr/4.8.1/avr5\libgcc.a(_tablejump.o)
 .text.libgcc.fmul
                0x00000000        0x0 c:/program files (x86)/atmel/atmel toolchain/avr8 gcc/native/3.4.1061/avr8-gnu-toolchain/bin/../lib/gcc/avr/4.8.1/avr5\libgcc.a(_tablejump.o)
 .text.libgcc.fixed
                0x00000000        0x0 c:/program files (x86)/atmel/atmel toolchain/avr8 gcc/native/3.4.1061/avr8-gnu-toolchain/bin/../lib/gcc/avr/4.8.1/avr5\libgcc.a(_tablejump.o)
 .text          0x00000000        0x0 c:/program files (x86)/atmel/atmel toolchain/avr8 gcc/native/3.4.1061/avr8-gnu-toolchain/bin/../lib/gcc/avr/4.8.1/avr5\libgcc.a(_copy_data.o)
 .data          0x00000000        0x0 c:/program files (x86)/atmel/atmel toolchain/avr8 gcc/native/3.4.1061/avr8-gnu-toolchain/bin/../lib/gcc/avr/4.8.1/avr5\libgcc.a(_copy_data.o)
 .bss           0x00000000        0x0 c:/program files (x86)/atmel/atmel toolchain/avr8 gcc/native/3.4.1061/avr8-gnu-toolchain/bin/../lib/gcc/avr/4.8.1/avr5\libgcc.a(_copy_data.o)
 .text.libgcc.mul
                0x00000000        0x0 c:/program files (x86)/atmel/atmel toolchain/avr8 gcc/native/3.4.1061/avr8-gnu-toolchain/bin/../lib/gcc/avr/4.8.1/avr5\libgcc.a(_copy_data.o)
 .text.libgcc.div
                0x00000000        0x0 c:/program files (x86)/atmel/atmel toolchain/avr8 gcc/native/3.4.1061/avr8-gnu-toolchain/bin/../lib/gcc/avr/4.8.1/avr5\libgcc.a(_copy_data.o)
 .text.libgcc   0x00000000        0x0 c:/program files (x86)/atmel/atmel toolchain/avr8 gcc/native/3.4.1061/avr8-gnu-toolchain/bin/../lib/gcc/avr/4.8.1/avr5\libgcc.a(_copy_data.o)
 .text.libgcc.prologue
                0x00000000        0x0 c:/program files (x86)/atmel/atmel toolchain/avr8 gcc/native/3.4.1061/avr8-gnu-toolchain/bin/../lib/gcc/avr/4.8.1/avr5\libgcc.a(_copy_data.o)
 .text.libgcc.builtins
                0x00000000        0x0 c:/program files (x86)/atmel/atmel toolchain/avr8 gcc/native/3.4.1061/avr8-gnu-toolchain/bin/../lib/gcc/avr/4.8.1/avr5\libgcc.a(_copy_data.o)
 .text.libgcc.fmul
                0x00000000        0x0 c:/program files (x86)/atmel/atmel toolchain/avr8 gcc/native/3.4.1061/avr8-gnu-toolchain/bin/../lib/gcc/avr/4.8.1/avr5\libgcc.a(_copy_data.o)
 .text.libgcc.fixed
                0x00000000        0x0 c:/program files (x86)/atmel/atmel toolchain/avr8 gcc/native/3.4.1061/avr8-gnu-toolchain/bin/../lib/gcc/avr/4.8.1/avr5\libgcc.a(_copy_data.o)

Memory Configuration

Name             Origin             Length             Attributes
text             0x00000000         0x00020000         xr
data             0x00800060         0x0000ffa0         rw !x
eeprom           0x00810000         0x00010000         rw !x
fuse             0x00820000         0x00000400         rw !x
lock             0x00830000         0x00000400         rw !x
signature        0x00840000         0x00000400         rw !x
user_signatures  0x00850000         0x00000400         rw !x
*default*        0x00000000         0xffffffff

Linker script and memory map

LOAD c:/program files (x86)/atmel/atmel toolchain/avr8 gcc/native/3.4.1061/avr8-gnu-toolchain/bin/../lib/gcc/avr/4.8.1/../../../../avr/lib/avr5/crtm16a.o
LOAD pwm.o
LOAD SPI.o
LOAD Styrenhet.o
START GROUP
LOAD c:/program files (x86)/atmel/atmel toolchain/avr8 gcc/native/3.4.1061/avr8-gnu-toolchain/bin/../lib/gcc/avr/4.8.1/../../../../avr/lib/avr5\libm.a
END GROUP
START GROUP
LOAD c:/program files (x86)/atmel/atmel toolchain/avr8 gcc/native/3.4.1061/avr8-gnu-toolchain/bin/../lib/gcc/avr/4.8.1/avr5\libgcc.a
LOAD c:/program files (x86)/atmel/atmel toolchain/avr8 gcc/native/3.4.1061/avr8-gnu-toolchain/bin/../lib/gcc/avr/4.8.1/../../../../avr/lib/avr5\libm.a
LOAD c:/program files (x86)/atmel/atmel toolchain/avr8 gcc/native/3.4.1061/avr8-gnu-toolchain/bin/../lib/gcc/avr/4.8.1/../../../../avr/lib/avr5\libc.a
END GROUP

.hash
 *(.hash)

.dynsym
 *(.dynsym)

.dynstr
 *(.dynstr)

.gnu.version
 *(.gnu.version)

.gnu.version_d
 *(.gnu.version_d)

.gnu.version_r
 *(.gnu.version_r)

.rel.init
 *(.rel.init)

.rela.init
 *(.rela.init)

.rel.text
 *(.rel.text)
 *(.rel.text.*)
 *(.rel.gnu.linkonce.t*)

.rela.text
 *(.rela.text)
 *(.rela.text.*)
 *(.rela.gnu.linkonce.t*)

.rel.fini
 *(.rel.fini)

.rela.fini
 *(.rela.fini)

.rel.rodata
 *(.rel.rodata)
 *(.rel.rodata.*)
 *(.rel.gnu.linkonce.r*)

.rela.rodata
 *(.rela.rodata)
 *(.rela.rodata.*)
 *(.rela.gnu.linkonce.r*)

.rel.data
 *(.rel.data)
 *(.rel.data.*)
 *(.rel.gnu.linkonce.d*)

.rela.data
 *(.rela.data)
 *(.rela.data.*)
 *(.rela.gnu.linkonce.d*)

.rel.ctors
 *(.rel.ctors)

.rela.ctors
 *(.rela.ctors)

.rel.dtors
 *(.rel.dtors)

.rela.dtors
 *(.rela.dtors)

.rel.got
 *(.rel.got)

.rela.got
 *(.rela.got)

.rel.bss
 *(.rel.bss)

.rela.bss
 *(.rela.bss)

.rel.plt
 *(.rel.plt)

.rela.plt
 *(.rela.plt)

.text           0x00000000      0x33e
 *(.vectors)
 .vectors       0x00000000       0x54 c:/program files (x86)/atmel/atmel toolchain/avr8 gcc/native/3.4.1061/avr8-gnu-toolchain/bin/../lib/gcc/avr/4.8.1/../../../../avr/lib/avr5/crtm16a.o
                0x00000000                __vector_default
                0x00000000                __vectors
 *(.vectors)
 *(.progmem.gcc*)
 .progmem.gcc_sw_table.receiveMessage
                0x00000054       0x1a SPI.o
                0x0000006e                . = ALIGN (0x2)
                0x0000006e                __trampolines_start = .
 *(.trampolines)
 .trampolines   0x0000006e        0x0 linker stubs
 *(.trampolines*)
                0x0000006e                __trampolines_end = .
 *(.progmem*)
                0x0000006e                . = ALIGN (0x2)
 *(.jumptables)
 *(.jumptables*)
 *(.lowtext)
 *(.lowtext*)
                0x0000006e                __ctors_start = .
 *(.ctors)
                0x0000006e                __ctors_end = .
                0x0000006e                __dtors_start = .
 *(.dtors)
                0x0000006e                __dtors_end = .
 SORT(*)(.ctors)
 SORT(*)(.dtors)
 *(.init0)
 .init0         0x0000006e        0x0 c:/program files (x86)/atmel/atmel toolchain/avr8 gcc/native/3.4.1061/avr8-gnu-toolchain/bin/../lib/gcc/avr/4.8.1/../../../../avr/lib/avr5/crtm16a.o
                0x0000006e                __init
 *(.init0)
 *(.init1)
 *(.init1)
 *(.init2)
 .init2         0x0000006e        0xc c:/program files (x86)/atmel/atmel toolchain/avr8 gcc/native/3.4.1061/avr8-gnu-toolchain/bin/../lib/gcc/avr/4.8.1/../../../../avr/lib/avr5/crtm16a.o
 *(.init2)
 *(.init3)
 *(.init3)
 *(.init4)
 .init4         0x0000007a       0x16 c:/program files (x86)/atmel/atmel toolchain/avr8 gcc/native/3.4.1061/avr8-gnu-toolchain/bin/../lib/gcc/avr/4.8.1/avr5\libgcc.a(_copy_data.o)
                0x0000007a                __do_copy_data
 *(.init4)
 *(.init5)
 *(.init5)
 *(.init6)
 *(.init6)
 *(.init7)
 *(.init7)
 *(.init8)
 *(.init8)
 *(.init9)
 .init9         0x00000090        0x8 c:/program files (x86)/atmel/atmel toolchain/avr8 gcc/native/3.4.1061/avr8-gnu-toolchain/bin/../lib/gcc/avr/4.8.1/../../../../avr/lib/avr5/crtm16a.o
 *(.init9)
 *(.text)
 .text          0x00000098        0x4 c:/program files (x86)/atmel/atmel toolchain/avr8 gcc/native/3.4.1061/avr8-gnu-toolchain/bin/../lib/gcc/avr/4.8.1/../../../../avr/lib/avr5/crtm16a.o
                0x00000098                __vector_1
                0x00000098                __vector_12
                0x00000098                __bad_interrupt
                0x00000098                __vector_6
                0x00000098                __vector_3
                0x00000098                __vector_11
                0x00000098                __vector_13
                0x00000098                __vector_17
                0x00000098                __vector_19
                0x00000098                __vector_7
                0x00000098                __vector_5
                0x00000098                __vector_4
                0x00000098                __vector_9
                0x00000098                __vector_2
                0x00000098                __vector_15
                0x00000098                __vector_8
                0x00000098                __vector_14
                0x00000098                __vector_10
                0x00000098                __vector_16
                0x00000098                __vector_18
                0x00000098                __vector_20
                0x0000009c                . = ALIGN (0x2)
 *(.text.*)
 .text.init_pwm
                0x0000009c       0x1c pwm.o
                0x0000009c                init_pwm
 .text.setSpeed
                0x000000b8        0x6 pwm.o
                0x000000b8                setSpeed
 .text.setSpeeds
                0x000000be        0x6 pwm.o
                0x000000be                setSpeeds
 .text.clawGrip
                0x000000c4        0x6 pwm.o
                0x000000c4                clawGrip
 .text.clawRelease
                0x000000ca        0x6 pwm.o
                0x000000ca                clawRelease
 .text.clawEnable
                0x000000d0        0x8 pwm.o
                0x000000d0                clawEnable
 .text.clawDisable
                0x000000d8        0x8 pwm.o
                0x000000d8                clawDisable
 .text.SPI_Init
                0x000000e0        0xc SPI.o
                0x000000e0                SPI_Init
 .text.SPI_Receive
                0x000000ec        0xa SPI.o
                0x000000ec                SPI_Receive
 .text.receiveMessage
                0x000000f6      0x132 SPI.o
                0x000000f6                receiveMessage
 .text.main     0x00000228        0xe Styrenhet.o
                0x00000228                main
 .text.setDirection
                0x00000236       0x14 Styrenhet.o
                0x00000236                setDirection
 .text.driveForward
                0x0000024a       0x1c Styrenhet.o
                0x0000024a                driveForward
 .text.driveReverse
                0x00000266       0x1c Styrenhet.o
                0x00000266                driveReverse
 .text.rotateLeft
                0x00000282       0x1c Styrenhet.o
                0x00000282                rotateLeft
 .text.rotateRight
                0x0000029e       0x1c Styrenhet.o
                0x0000029e                rotateRight
 .text.leftWheelDirection
                0x000002ba       0x22 Styrenhet.o
                0x000002ba                leftWheelDirection
 .text.rightWheelDirection
                0x000002dc       0x22 Styrenhet.o
                0x000002dc                rightWheelDirection
 .text.wheelSpeeds
                0x000002fe        0x6 Styrenhet.o
                0x000002fe                wheelSpeeds
 .text.releaseClaw
                0x00000304       0x20 Styrenhet.o
                0x00000304                releaseClaw
 .text.gripClaw
                0x00000324        0xa Styrenhet.o
                0x00000324                gripClaw
 .text.libgcc   0x0000032e        0xc c:/program files (x86)/atmel/atmel toolchain/avr8 gcc/native/3.4.1061/avr8-gnu-toolchain/bin/../lib/gcc/avr/4.8.1/avr5\libgcc.a(_tablejump.o)
                0x0000032e                __tablejump2__
                0x00000332                __tablejump__
                0x0000033a                . = ALIGN (0x2)
 *(.fini9)
 .fini9         0x0000033a        0x0 c:/program files (x86)/atmel/atmel toolchain/avr8 gcc/native/3.4.1061/avr8-gnu-toolchain/bin/../lib/gcc/avr/4.8.1/avr5\libgcc.a(_exit.o)
                0x0000033a                _exit
                0x0000033a                exit
 *(.fini9)
 *(.fini8)
 *(.fini8)
 *(.fini7)
 *(.fini7)
 *(.fini6)
 *(.fini6)
 *(.fini5)
 *(.fini5)
 *(.fini4)
 *(.fini4)
 *(.fini3)
 *(.fini3)
 *(.fini2)
 *(.fini2)
 *(.fini1)
 *(.fini1)
 *(.fini0)
 .fini0         0x0000033a        0x4 c:/program files (x86)/atmel/atmel toolchain/avr8 gcc/native/3.4.1061/avr8-gnu-toolchain/bin/../lib/gcc/avr/4.8.1/avr5\libgcc.a(_exit.o)
 *(.fini0)
                0x0000033e                _etext = .

.data           0x00800060        0x2 load address 0x0000033e
                0x00800060                PROVIDE (__data_start, .)
 *(.data)
 *(.data*)
 .data.direction
                0x00800060        0x1 Styrenhet.o
                0x00800060                direction
 *(.rodata)
 *(.rodata*)
 *(.gnu.linkonce.d*)
                0x00800062                . = ALIGN (0x2)
 *fill*         0x00800061        0x1 
                0x00800062                _edata = .
                0x00800062                PROVIDE (__data_end, .)

.bss            0x00800062        0x0
                0x00800062                PROVIDE (__bss_start, .)
 *(.bss)
 *(.bss*)
 *(COMMON)
                0x00800062                PROVIDE (__bss_end, .)
                0x0000033e                __data_load_start = LOADADDR (.data)
                0x00000340                __data_load_end = (__data_load_start + SIZEOF (.data))

.noinit         0x00800062        0x0
                0x00800062                PROVIDE (__noinit_start, .)
 *(.noinit*)
                0x00800062                PROVIDE (__noinit_end, .)
                0x00800062                _end = .
                0x00800062                PROVIDE (__heap_start, .)

.eeprom         0x00810000        0x0
 *(.eeprom*)
                0x00810000                __eeprom_end = .

.fuse
 *(.fuse)
 *(.lfuse)
 *(.hfuse)
 *(.efuse)

.lock
 *(.lock*)

.signature
 *(.signature*)

.user_signatures
 *(.user_signatures*)

.stab
 *(.stab)

.stabstr
 *(.stabstr)

.stab.excl
 *(.stab.excl)

.stab.exclstr
 *(.stab.exclstr)

.stab.index
 *(.stab.index)

.stab.indexstr
 *(.stab.indexstr)

.comment        0x00000000       0x30
 *(.comment)
 .comment       0x00000000       0x30 pwm.o
                                 0x31 (size before relaxing)
 .comment       0x00000000       0x31 SPI.o
 .comment       0x00000000       0x31 Styrenhet.o

.note.gnu.build-id
 *(.note.gnu.build-id)

.debug
 *(.debug)

.line
 *(.line)

.debug_srcinfo
 *(.debug_srcinfo)

.debug_sfnames
 *(.debug_sfnames)

.debug_aranges  0x00000000      0x118
 *(.debug_aranges)
 .debug_aranges
                0x00000000       0x60 pwm.o
 .debug_aranges
                0x00000060       0x38 SPI.o
 .debug_aranges
                0x00000098       0x80 Styrenhet.o

.debug_pubnames
 *(.debug_pubnames)

.debug_info     0x00000000      0x9c4
 *(.debug_info .gnu.linkonce.wi.*)
 .debug_info    0x00000000      0x183 pwm.o
 .debug_info    0x00000183      0x37e SPI.o
 .debug_info    0x00000501      0x4c3 Styrenhet.o

.debug_abbrev   0x00000000      0x3a3
 *(.debug_abbrev)
 .debug_abbrev  0x00000000       0x78 pwm.o
 .debug_abbrev  0x00000078      0x176 SPI.o
 .debug_abbrev  0x000001ee      0x1b5 Styrenhet.o

.debug_line     0x00000000      0x4ab
 *(.debug_line .debug_line.* .debug_line_end)
 .debug_line    0x00000000      0x136 pwm.o
 .debug_line    0x00000136      0x138 SPI.o
 .debug_line    0x0000026e      0x23d Styrenhet.o

.debug_frame    0x00000000      0x214
 *(.debug_frame)
 .debug_frame   0x00000000       0xa4 pwm.o
 .debug_frame   0x000000a4       0x8c SPI.o
 .debug_frame   0x00000130       0xe4 Styrenhet.o

.debug_str      0x00000000      0x33a
 *(.debug_str)
 .debug_str     0x00000000      0x19d pwm.o
                                0x1d7 (size before relaxing)
 .debug_str     0x0000019d      0x119 SPI.o
                                0x270 (size before relaxing)
 .debug_str     0x000002b6       0x84 Styrenhet.o
                                0x2d8 (size before relaxing)

.debug_loc      0x00000000      0x812
 *(.debug_loc)
 .debug_loc     0x00000000      0x628 SPI.o
 .debug_loc     0x00000628      0x1ea Styrenhet.o

.debug_macinfo
 *(.debug_macinfo)

.debug_weaknames
 *(.debug_weaknames)

.debug_funcnames
 *(.debug_funcnames)

.debug_typenames
 *(.debug_typenames)

.debug_varnames
 *(.debug_varnames)

.debug_pubtypes
 *(.debug_pubtypes)

.debug_ranges   0x00000000      0x100
 *(.debug_ranges)
 .debug_ranges  0x00000000       0x50 pwm.o
 .debug_ranges  0x00000050       0x40 SPI.o
 .debug_ranges  0x00000090       0x70 Styrenhet.o

.debug_macro
 *(.debug_macro)
OUTPUT(Styrenhet.elf elf32-avr)
LOAD linker stubs
