Archive member included because of file (symbol)

e:/windows/atmel/atmel toolchain/avr8 gcc/native/3.4.1061/avr8-gnu-toolchain/bin/../lib/gcc/avr/4.8.1/avr5\libgcc.a(_exit.o)
                              e:/windows/atmel/atmel toolchain/avr8 gcc/native/3.4.1061/avr8-gnu-toolchain/bin/../lib/gcc/avr/4.8.1/../../../../avr/lib/avr5/crtm16a.o (exit)
e:/windows/atmel/atmel toolchain/avr8 gcc/native/3.4.1061/avr8-gnu-toolchain/bin/../lib/gcc/avr/4.8.1/avr5\libgcc.a(_copy_data.o)
                              tapeSensor.o (__do_copy_data)
e:/windows/atmel/atmel toolchain/avr8 gcc/native/3.4.1061/avr8-gnu-toolchain/bin/../lib/gcc/avr/4.8.1/avr5\libgcc.a(_clear_bss.o)
                              distanceSensor.o (__do_clear_bss)

Discarded input sections

 .data          0x00000000        0x0 e:/windows/atmel/atmel toolchain/avr8 gcc/native/3.4.1061/avr8-gnu-toolchain/bin/../lib/gcc/avr/4.8.1/../../../../avr/lib/avr5/crtm16a.o
 .bss           0x00000000        0x0 e:/windows/atmel/atmel toolchain/avr8 gcc/native/3.4.1061/avr8-gnu-toolchain/bin/../lib/gcc/avr/4.8.1/../../../../avr/lib/avr5/crtm16a.o
 .text          0x00000000        0x0 ADC.o
 .data          0x00000000        0x0 ADC.o
 .bss           0x00000000        0x0 ADC.o
 .text          0x00000000        0x0 distanceSensor.o
 .data          0x00000000        0x0 distanceSensor.o
 .bss           0x00000000        0x0 distanceSensor.o
 .text.getDistanceVal
                0x00000000        0xa distanceSensor.o
 .text.updateDistance
                0x00000000      0x122 distanceSensor.o
 .bss.interrupted
                0x00000000        0x2 distanceSensor.o
 .text          0x00000000        0x0 gyro.o
 .data          0x00000000        0x0 gyro.o
 .bss           0x00000000        0x0 gyro.o
 .text.updateGyroData
                0x00000000       0x10 gyro.o
 .text.rotateDegrees
                0x00000000       0x28 gyro.o
 .text          0x00000000        0x0 Sensorenhet.o
 .data          0x00000000        0x0 Sensorenhet.o
 .bss           0x00000000        0x0 Sensorenhet.o
 .text          0x00000000        0x0 SPI.o
 .data          0x00000000        0x0 SPI.o
 .bss           0x00000000        0x0 SPI.o
 .text.SPI_Send
                0x00000000        0x6 SPI.o
 .text.receiveMessage
                0x00000000       0x5c SPI.o
 .text          0x00000000        0x0 tapeSensor.o
 .data          0x00000000        0x0 tapeSensor.o
 .bss           0x00000000        0x0 tapeSensor.o
 .text.getTapeData
                0x00000000        0x4 tapeSensor.o
 .text.convertToBit
                0x00000000       0x12 tapeSensor.o
 .text.returnTapeData
                0x00000000        0x2 tapeSensor.o
 .text.calibrateTapeSensor
                0x00000000       0x22 tapeSensor.o
 .bss.tape_data
                0x00000000        0x2 tapeSensor.o
 .data.tape_threshold
                0x00000000        0x2 tapeSensor.o
 .text          0x00000000        0x0 e:/windows/atmel/atmel toolchain/avr8 gcc/native/3.4.1061/avr8-gnu-toolchain/bin/../lib/gcc/avr/4.8.1/avr5\libgcc.a(_exit.o)
 .data          0x00000000        0x0 e:/windows/atmel/atmel toolchain/avr8 gcc/native/3.4.1061/avr8-gnu-toolchain/bin/../lib/gcc/avr/4.8.1/avr5\libgcc.a(_exit.o)
 .bss           0x00000000        0x0 e:/windows/atmel/atmel toolchain/avr8 gcc/native/3.4.1061/avr8-gnu-toolchain/bin/../lib/gcc/avr/4.8.1/avr5\libgcc.a(_exit.o)
 .text.libgcc.mul
                0x00000000        0x0 e:/windows/atmel/atmel toolchain/avr8 gcc/native/3.4.1061/avr8-gnu-toolchain/bin/../lib/gcc/avr/4.8.1/avr5\libgcc.a(_exit.o)
 .text.libgcc.div
                0x00000000        0x0 e:/windows/atmel/atmel toolchain/avr8 gcc/native/3.4.1061/avr8-gnu-toolchain/bin/../lib/gcc/avr/4.8.1/avr5\libgcc.a(_exit.o)
 .text.libgcc   0x00000000        0x0 e:/windows/atmel/atmel toolchain/avr8 gcc/native/3.4.1061/avr8-gnu-toolchain/bin/../lib/gcc/avr/4.8.1/avr5\libgcc.a(_exit.o)
 .text.libgcc.prologue
                0x00000000        0x0 e:/windows/atmel/atmel toolchain/avr8 gcc/native/3.4.1061/avr8-gnu-toolchain/bin/../lib/gcc/avr/4.8.1/avr5\libgcc.a(_exit.o)
 .text.libgcc.builtins
                0x00000000        0x0 e:/windows/atmel/atmel toolchain/avr8 gcc/native/3.4.1061/avr8-gnu-toolchain/bin/../lib/gcc/avr/4.8.1/avr5\libgcc.a(_exit.o)
 .text.libgcc.fmul
                0x00000000        0x0 e:/windows/atmel/atmel toolchain/avr8 gcc/native/3.4.1061/avr8-gnu-toolchain/bin/../lib/gcc/avr/4.8.1/avr5\libgcc.a(_exit.o)
 .text.libgcc.fixed
                0x00000000        0x0 e:/windows/atmel/atmel toolchain/avr8 gcc/native/3.4.1061/avr8-gnu-toolchain/bin/../lib/gcc/avr/4.8.1/avr5\libgcc.a(_exit.o)
 .text          0x00000000        0x0 e:/windows/atmel/atmel toolchain/avr8 gcc/native/3.4.1061/avr8-gnu-toolchain/bin/../lib/gcc/avr/4.8.1/avr5\libgcc.a(_copy_data.o)
 .data          0x00000000        0x0 e:/windows/atmel/atmel toolchain/avr8 gcc/native/3.4.1061/avr8-gnu-toolchain/bin/../lib/gcc/avr/4.8.1/avr5\libgcc.a(_copy_data.o)
 .bss           0x00000000        0x0 e:/windows/atmel/atmel toolchain/avr8 gcc/native/3.4.1061/avr8-gnu-toolchain/bin/../lib/gcc/avr/4.8.1/avr5\libgcc.a(_copy_data.o)
 .text.libgcc.mul
                0x00000000        0x0 e:/windows/atmel/atmel toolchain/avr8 gcc/native/3.4.1061/avr8-gnu-toolchain/bin/../lib/gcc/avr/4.8.1/avr5\libgcc.a(_copy_data.o)
 .text.libgcc.div
                0x00000000        0x0 e:/windows/atmel/atmel toolchain/avr8 gcc/native/3.4.1061/avr8-gnu-toolchain/bin/../lib/gcc/avr/4.8.1/avr5\libgcc.a(_copy_data.o)
 .text.libgcc   0x00000000        0x0 e:/windows/atmel/atmel toolchain/avr8 gcc/native/3.4.1061/avr8-gnu-toolchain/bin/../lib/gcc/avr/4.8.1/avr5\libgcc.a(_copy_data.o)
 .text.libgcc.prologue
                0x00000000        0x0 e:/windows/atmel/atmel toolchain/avr8 gcc/native/3.4.1061/avr8-gnu-toolchain/bin/../lib/gcc/avr/4.8.1/avr5\libgcc.a(_copy_data.o)
 .text.libgcc.builtins
                0x00000000        0x0 e:/windows/atmel/atmel toolchain/avr8 gcc/native/3.4.1061/avr8-gnu-toolchain/bin/../lib/gcc/avr/4.8.1/avr5\libgcc.a(_copy_data.o)
 .text.libgcc.fmul
                0x00000000        0x0 e:/windows/atmel/atmel toolchain/avr8 gcc/native/3.4.1061/avr8-gnu-toolchain/bin/../lib/gcc/avr/4.8.1/avr5\libgcc.a(_copy_data.o)
 .text.libgcc.fixed
                0x00000000        0x0 e:/windows/atmel/atmel toolchain/avr8 gcc/native/3.4.1061/avr8-gnu-toolchain/bin/../lib/gcc/avr/4.8.1/avr5\libgcc.a(_copy_data.o)
 .text          0x00000000        0x0 e:/windows/atmel/atmel toolchain/avr8 gcc/native/3.4.1061/avr8-gnu-toolchain/bin/../lib/gcc/avr/4.8.1/avr5\libgcc.a(_clear_bss.o)
 .data          0x00000000        0x0 e:/windows/atmel/atmel toolchain/avr8 gcc/native/3.4.1061/avr8-gnu-toolchain/bin/../lib/gcc/avr/4.8.1/avr5\libgcc.a(_clear_bss.o)
 .bss           0x00000000        0x0 e:/windows/atmel/atmel toolchain/avr8 gcc/native/3.4.1061/avr8-gnu-toolchain/bin/../lib/gcc/avr/4.8.1/avr5\libgcc.a(_clear_bss.o)
 .text.libgcc.mul
                0x00000000        0x0 e:/windows/atmel/atmel toolchain/avr8 gcc/native/3.4.1061/avr8-gnu-toolchain/bin/../lib/gcc/avr/4.8.1/avr5\libgcc.a(_clear_bss.o)
 .text.libgcc.div
                0x00000000        0x0 e:/windows/atmel/atmel toolchain/avr8 gcc/native/3.4.1061/avr8-gnu-toolchain/bin/../lib/gcc/avr/4.8.1/avr5\libgcc.a(_clear_bss.o)
 .text.libgcc   0x00000000        0x0 e:/windows/atmel/atmel toolchain/avr8 gcc/native/3.4.1061/avr8-gnu-toolchain/bin/../lib/gcc/avr/4.8.1/avr5\libgcc.a(_clear_bss.o)
 .text.libgcc.prologue
                0x00000000        0x0 e:/windows/atmel/atmel toolchain/avr8 gcc/native/3.4.1061/avr8-gnu-toolchain/bin/../lib/gcc/avr/4.8.1/avr5\libgcc.a(_clear_bss.o)
 .text.libgcc.builtins
                0x00000000        0x0 e:/windows/atmel/atmel toolchain/avr8 gcc/native/3.4.1061/avr8-gnu-toolchain/bin/../lib/gcc/avr/4.8.1/avr5\libgcc.a(_clear_bss.o)
 .text.libgcc.fmul
                0x00000000        0x0 e:/windows/atmel/atmel toolchain/avr8 gcc/native/3.4.1061/avr8-gnu-toolchain/bin/../lib/gcc/avr/4.8.1/avr5\libgcc.a(_clear_bss.o)
 .text.libgcc.fixed
                0x00000000        0x0 e:/windows/atmel/atmel toolchain/avr8 gcc/native/3.4.1061/avr8-gnu-toolchain/bin/../lib/gcc/avr/4.8.1/avr5\libgcc.a(_clear_bss.o)

Memory Configuration

Name             Origin             Length             Attributes
text             0x00000000         0x00020000         xr
data             0x00800060         0x0000ffa0         rw !x
eeprom           0x00810000         0x00010000         rw !x
fuse             0x00820000         0x00000400         rw !x
lock             0x00830000         0x00000400         rw !x
signature        0x00840000         0x00000400         rw !x
user_signatures  0x00850000         0x00000400         rw !x
*default*        0x00000000         0xffffffff

Linker script and memory map

LOAD e:/windows/atmel/atmel toolchain/avr8 gcc/native/3.4.1061/avr8-gnu-toolchain/bin/../lib/gcc/avr/4.8.1/../../../../avr/lib/avr5/crtm16a.o
LOAD ADC.o
LOAD distanceSensor.o
LOAD gyro.o
LOAD Sensorenhet.o
LOAD SPI.o
LOAD tapeSensor.o
START GROUP
LOAD e:/windows/atmel/atmel toolchain/avr8 gcc/native/3.4.1061/avr8-gnu-toolchain/bin/../lib/gcc/avr/4.8.1/../../../../avr/lib/avr5\libm.a
END GROUP
START GROUP
LOAD e:/windows/atmel/atmel toolchain/avr8 gcc/native/3.4.1061/avr8-gnu-toolchain/bin/../lib/gcc/avr/4.8.1/avr5\libgcc.a
LOAD e:/windows/atmel/atmel toolchain/avr8 gcc/native/3.4.1061/avr8-gnu-toolchain/bin/../lib/gcc/avr/4.8.1/../../../../avr/lib/avr5\libm.a
LOAD e:/windows/atmel/atmel toolchain/avr8 gcc/native/3.4.1061/avr8-gnu-toolchain/bin/../lib/gcc/avr/4.8.1/../../../../avr/lib/avr5\libc.a
END GROUP

.hash
 *(.hash)

.dynsym
 *(.dynsym)

.dynstr
 *(.dynstr)

.gnu.version
 *(.gnu.version)

.gnu.version_d
 *(.gnu.version_d)

.gnu.version_r
 *(.gnu.version_r)

.rel.init
 *(.rel.init)

.rela.init
 *(.rela.init)

.rel.text
 *(.rel.text)
 *(.rel.text.*)
 *(.rel.gnu.linkonce.t*)

.rela.text
 *(.rela.text)
 *(.rela.text.*)
 *(.rela.gnu.linkonce.t*)

.rel.fini
 *(.rel.fini)

.rela.fini
 *(.rela.fini)

.rel.rodata
 *(.rel.rodata)
 *(.rel.rodata.*)
 *(.rel.gnu.linkonce.r*)

.rela.rodata
 *(.rela.rodata)
 *(.rela.rodata.*)
 *(.rela.gnu.linkonce.r*)

.rel.data
 *(.rel.data)
 *(.rel.data.*)
 *(.rel.gnu.linkonce.d*)

.rela.data
 *(.rela.data)
 *(.rela.data.*)
 *(.rela.gnu.linkonce.d*)

.rel.ctors
 *(.rel.ctors)

.rela.ctors
 *(.rela.ctors)

.rel.dtors
 *(.rel.dtors)

.rela.dtors
 *(.rela.dtors)

.rel.got
 *(.rel.got)

.rela.got
 *(.rela.got)

.rel.bss
 *(.rel.bss)

.rela.bss
 *(.rela.bss)

.rel.plt
 *(.rel.plt)

.rela.plt
 *(.rela.plt)

.text           0x00000000      0x3c0
 *(.vectors)
 .vectors       0x00000000       0x54 e:/windows/atmel/atmel toolchain/avr8 gcc/native/3.4.1061/avr8-gnu-toolchain/bin/../lib/gcc/avr/4.8.1/../../../../avr/lib/avr5/crtm16a.o
                0x00000000                __vector_default
                0x00000000                __vectors
 *(.vectors)
 *(.progmem.gcc*)
                0x00000054                . = ALIGN (0x2)
                0x00000054                __trampolines_start = .
 *(.trampolines)
 .trampolines   0x00000054        0x0 linker stubs
 *(.trampolines*)
                0x00000054                __trampolines_end = .
 *(.progmem*)
                0x00000054                . = ALIGN (0x2)
 *(.jumptables)
 *(.jumptables*)
 *(.lowtext)
 *(.lowtext*)
                0x00000054                __ctors_start = .
 *(.ctors)
                0x00000054                __ctors_end = .
                0x00000054                __dtors_start = .
 *(.dtors)
                0x00000054                __dtors_end = .
 SORT(*)(.ctors)
 SORT(*)(.dtors)
 *(.init0)
 .init0         0x00000054        0x0 e:/windows/atmel/atmel toolchain/avr8 gcc/native/3.4.1061/avr8-gnu-toolchain/bin/../lib/gcc/avr/4.8.1/../../../../avr/lib/avr5/crtm16a.o
                0x00000054                __init
 *(.init0)
 *(.init1)
 *(.init1)
 *(.init2)
 .init2         0x00000054        0xc e:/windows/atmel/atmel toolchain/avr8 gcc/native/3.4.1061/avr8-gnu-toolchain/bin/../lib/gcc/avr/4.8.1/../../../../avr/lib/avr5/crtm16a.o
 *(.init2)
 *(.init3)
 *(.init3)
 *(.init4)
 .init4         0x00000060       0x16 e:/windows/atmel/atmel toolchain/avr8 gcc/native/3.4.1061/avr8-gnu-toolchain/bin/../lib/gcc/avr/4.8.1/avr5\libgcc.a(_copy_data.o)
                0x00000060                __do_copy_data
 .init4         0x00000076       0x10 e:/windows/atmel/atmel toolchain/avr8 gcc/native/3.4.1061/avr8-gnu-toolchain/bin/../lib/gcc/avr/4.8.1/avr5\libgcc.a(_clear_bss.o)
                0x00000076                __do_clear_bss
 *(.init4)
 *(.init5)
 *(.init5)
 *(.init6)
 *(.init6)
 *(.init7)
 *(.init7)
 *(.init8)
 *(.init8)
 *(.init9)
 .init9         0x00000086        0x8 e:/windows/atmel/atmel toolchain/avr8 gcc/native/3.4.1061/avr8-gnu-toolchain/bin/../lib/gcc/avr/4.8.1/../../../../avr/lib/avr5/crtm16a.o
 *(.init9)
 *(.text)
 .text          0x0000008e        0x4 e:/windows/atmel/atmel toolchain/avr8 gcc/native/3.4.1061/avr8-gnu-toolchain/bin/../lib/gcc/avr/4.8.1/../../../../avr/lib/avr5/crtm16a.o
                0x0000008e                __vector_1
                0x0000008e                __vector_12
                0x0000008e                __bad_interrupt
                0x0000008e                __vector_6
                0x0000008e                __vector_11
                0x0000008e                __vector_13
                0x0000008e                __vector_17
                0x0000008e                __vector_19
                0x0000008e                __vector_7
                0x0000008e                __vector_5
                0x0000008e                __vector_4
                0x0000008e                __vector_9
                0x0000008e                __vector_2
                0x0000008e                __vector_15
                0x0000008e                __vector_8
                0x0000008e                __vector_16
                0x0000008e                __vector_18
                0x0000008e                __vector_20
                0x00000092                . = ALIGN (0x2)
 *(.text.*)
 .text.initADC  0x00000092        0xa ADC.o
                0x00000092                initADC
 .text.readADC  0x0000009c       0x14 ADC.o
                0x0000009c                readADC
 .text.getDistance
                0x000000b0        0x6 distanceSensor.o
                0x000000b0                getDistance
 .text.initDistance
                0x000000b6       0x2a distanceSensor.o
                0x000000b6                initDistance
 .text.__vector_3
                0x000000e0       0x36 distanceSensor.o
                0x000000e0                __vector_3
 .text.returnDegreesRotated
                0x00000116        0x6 gyro.o
                0x00000116                returnDegreesRotated
 .text.resetDegreesRotated
                0x0000011c        0xa gyro.o
                0x0000011c                resetDegreesRotated
 .text.initGyro
                0x00000126       0x14 gyro.o
                0x00000126                initGyro
 .text.initSensors
                0x0000013a       0x1a Sensorenhet.o
                0x0000013a                initSensors
 .text.main     0x00000154       0x22 Sensorenhet.o
                0x00000154                main
 .text.SPI_Init
                0x00000176        0x8 SPI.o
                0x00000176                SPI_Init
 .text.SPI_Transceive
                0x0000017e        0xa SPI.o
                0x0000017e                SPI_Transceive
 .text.SPI_Receive
                0x00000188        0x8 SPI.o
                0x00000188                SPI_Receive
 .text.sendDistanceSensors
                0x00000190       0x3a SPI.o
                0x00000190                sendDistanceSensors
 .text.sendTapeSensors
                0x000001ca       0x24 SPI.o
                0x000001ca                sendTapeSensors
 .text.sendGyro
                0x000001ee        0xa SPI.o
                0x000001ee                sendGyro
 .text.__vector_10
                0x000001f8       0xa8 SPI.o
                0x000001f8                __vector_10
 .text.setOnTape
                0x000002a0        0xa tapeSensor.o
                0x000002a0                setOnTape
 .text.setOffTape
                0x000002aa        0xa tapeSensor.o
                0x000002aa                setOffTape
 .text.pollTapeData
                0x000002b4       0x66 tapeSensor.o
                0x000002b4                pollTapeData
 .text.__vector_14
                0x0000031a       0xa2 tapeSensor.o
                0x0000031a                __vector_14
                0x000003bc                . = ALIGN (0x2)
 *(.fini9)
 .fini9         0x000003bc        0x0 e:/windows/atmel/atmel toolchain/avr8 gcc/native/3.4.1061/avr8-gnu-toolchain/bin/../lib/gcc/avr/4.8.1/avr5\libgcc.a(_exit.o)
                0x000003bc                _exit
                0x000003bc                exit
 *(.fini9)
 *(.fini8)
 *(.fini8)
 *(.fini7)
 *(.fini7)
 *(.fini6)
 *(.fini6)
 *(.fini5)
 *(.fini5)
 *(.fini4)
 *(.fini4)
 *(.fini3)
 *(.fini3)
 *(.fini2)
 *(.fini2)
 *(.fini1)
 *(.fini1)
 *(.fini0)
 .fini0         0x000003bc        0x4 e:/windows/atmel/atmel toolchain/avr8 gcc/native/3.4.1061/avr8-gnu-toolchain/bin/../lib/gcc/avr/4.8.1/avr5\libgcc.a(_exit.o)
 *(.fini0)
                0x000003c0                _etext = .

.data           0x00800060        0x0 load address 0x000003c0
                0x00800060                PROVIDE (__data_start, .)
 *(.data)
 *(.data*)
 *(.rodata)
 *(.rodata*)
 *(.gnu.linkonce.d*)
                0x00800060                . = ALIGN (0x2)
                0x00800060                _edata = .
                0x00800060                PROVIDE (__data_end, .)

.bss            0x00800060       0x15
                0x00800060                PROVIDE (__bss_start, .)
 *(.bss)
 *(.bss*)
 .bss.distanceSensors
                0x00800060        0x4 distanceSensor.o
 .bss.distance  0x00800064        0x2 distanceSensor.o
 .bss.degrees_rotated
                0x00800066        0x2 gyro.o
 .bss.interrupted
                0x00800068        0x2 SPI.o
 .bss.tape_data_done
                0x0080006a        0x2 tapeSensor.o
                0x0080006a                tape_data_done
 .bss.current_tape_sensor
                0x0080006c        0x1 tapeSensor.o
 .bss.off_tape  0x0080006d        0x2 tapeSensor.o
 .bss.on_tape   0x0080006f        0x2 tapeSensor.o
 .bss.active_port
                0x00800071        0x2 tapeSensor.o
 .bss.gyro_data
                0x00800073        0x2 tapeSensor.o
 *(COMMON)
                0x00800075                PROVIDE (__bss_end, .)
                0x000003c0                __data_load_start = LOADADDR (.data)
                0x000003c0                __data_load_end = (__data_load_start + SIZEOF (.data))

.noinit         0x00800075        0x0
                0x00800075                PROVIDE (__noinit_start, .)
 *(.noinit*)
                0x00800075                PROVIDE (__noinit_end, .)
                0x00800075                _end = .
                0x00800075                PROVIDE (__heap_start, .)

.eeprom         0x00810000        0x0
 *(.eeprom*)
                0x00810000                __eeprom_end = .

.fuse
 *(.fuse)
 *(.lfuse)
 *(.hfuse)
 *(.efuse)

.lock
 *(.lock*)

.signature
 *(.signature*)

.user_signatures
 *(.user_signatures*)

.stab
 *(.stab)

.stabstr
 *(.stabstr)

.stab.excl
 *(.stab.excl)

.stab.exclstr
 *(.stab.exclstr)

.stab.index
 *(.stab.index)

.stab.indexstr
 *(.stab.indexstr)

.comment        0x00000000       0x30
 *(.comment)
 .comment       0x00000000       0x30 ADC.o
                                 0x31 (size before relaxing)
 .comment       0x00000000       0x31 distanceSensor.o
 .comment       0x00000000       0x31 gyro.o
 .comment       0x00000000       0x31 Sensorenhet.o
 .comment       0x00000000       0x31 SPI.o
 .comment       0x00000000       0x31 tapeSensor.o

.note.gnu.build-id
 *(.note.gnu.build-id)

.debug
 *(.debug)

.line
 *(.line)

.debug_srcinfo
 *(.debug_srcinfo)

.debug_sfnames
 *(.debug_sfnames)

.debug_aranges  0x00000000      0x188
 *(.debug_aranges)
 .debug_aranges
                0x00000000       0x28 ADC.o
 .debug_aranges
                0x00000028       0x40 distanceSensor.o
 .debug_aranges
                0x00000068       0x40 gyro.o
 .debug_aranges
                0x000000a8       0x28 Sensorenhet.o
 .debug_aranges
                0x000000d0       0x60 SPI.o
 .debug_aranges
                0x00000130       0x58 tapeSensor.o

.debug_pubnames
 *(.debug_pubnames)

.debug_info     0x00000000      0xeb9
 *(.debug_info .gnu.linkonce.wi.*)
 .debug_info    0x00000000       0xa8 ADC.o
 .debug_info    0x000000a8      0x255 distanceSensor.o
 .debug_info    0x000002fd      0x1f7 gyro.o
 .debug_info    0x000004f4      0x23e Sensorenhet.o
 .debug_info    0x00000732      0x4f5 SPI.o
 .debug_info    0x00000c27      0x292 tapeSensor.o

.debug_abbrev   0x00000000      0x83e
 *(.debug_abbrev)
 .debug_abbrev  0x00000000       0x76 ADC.o
 .debug_abbrev  0x00000076      0x16c distanceSensor.o
 .debug_abbrev  0x000001e2      0x161 gyro.o
 .debug_abbrev  0x00000343      0x173 Sensorenhet.o
 .debug_abbrev  0x000004b6      0x225 SPI.o
 .debug_abbrev  0x000006db      0x163 tapeSensor.o

.debug_line     0x00000000      0x8a2
 *(.debug_line .debug_line.* .debug_line_end)
 .debug_line    0x00000000       0xb7 ADC.o
 .debug_line    0x000000b7      0x209 distanceSensor.o
 .debug_line    0x000002c0      0x15b gyro.o
 .debug_line    0x0000041b      0x17d Sensorenhet.o
 .debug_line    0x00000598      0x1a5 SPI.o
 .debug_line    0x0000073d      0x165 tapeSensor.o

.debug_frame    0x00000000      0x35c
 *(.debug_frame)
 .debug_frame   0x00000000       0x34 ADC.o
 .debug_frame   0x00000034       0x94 distanceSensor.o
 .debug_frame   0x000000c8       0x70 gyro.o
 .debug_frame   0x00000138       0x34 Sensorenhet.o
 .debug_frame   0x0000016c      0x114 SPI.o
 .debug_frame   0x00000280       0xdc tapeSensor.o

.debug_str      0x00000000      0x47c
 *(.debug_str)
 .debug_str     0x00000000      0x128 ADC.o
                                0x161 (size before relaxing)
 .debug_str     0x00000128       0xef distanceSensor.o
                                0x235 (size before relaxing)
 .debug_str     0x00000217       0x9d gyro.o
                                0x223 (size before relaxing)
 .debug_str     0x000002b4       0x50 Sensorenhet.o
                                0x24e (size before relaxing)
 .debug_str     0x00000304       0xcb SPI.o
                                0x2ae (size before relaxing)
 .debug_str     0x000003cf       0xad tapeSensor.o
                                0x278 (size before relaxing)

.debug_loc      0x00000000      0x60f
 *(.debug_loc)
 .debug_loc     0x00000000       0x2d ADC.o
 .debug_loc     0x0000002d      0x187 distanceSensor.o
 .debug_loc     0x000001b4       0x5b gyro.o
 .debug_loc     0x0000020f      0x2d8 SPI.o
 .debug_loc     0x000004e7      0x128 tapeSensor.o

.debug_macinfo
 *(.debug_macinfo)

.debug_weaknames
 *(.debug_weaknames)

.debug_funcnames
 *(.debug_funcnames)

.debug_typenames
 *(.debug_typenames)

.debug_varnames
 *(.debug_varnames)

.debug_pubtypes
 *(.debug_pubtypes)

.debug_ranges   0x00000000      0x128
 *(.debug_ranges)
 .debug_ranges  0x00000000       0x18 ADC.o
 .debug_ranges  0x00000018       0x30 distanceSensor.o
 .debug_ranges  0x00000048       0x30 gyro.o
 .debug_ranges  0x00000078       0x18 Sensorenhet.o
 .debug_ranges  0x00000090       0x50 SPI.o
 .debug_ranges  0x000000e0       0x48 tapeSensor.o

.debug_macro
 *(.debug_macro)
OUTPUT(Sensorenhet.elf elf32-avr)
LOAD linker stubs
